// Jest Snapshot v1, https://goo.gl/fbAQLP

exports[`pruebas en el componente <TodoList/> debe mostrarse correctamente 1`] = `
<ul
  className="list-group list-group-flush"
>
  <TodoListItem
    handleDelete={[MockFunction]}
    handleToggle={[MockFunction]}
    index={0}
    key="123"
    todo={
      Object {
        "desc": "Aprender laravel",
        "done": false,
        "id": 123,
      }
    }
  />
  <TodoListItem
    handleDelete={[MockFunction]}
    handleToggle={[MockFunction]}
    index={1}
    key="1234"
    todo={
      Object {
        "desc": "Aprender ingles",
        "done": false,
        "id": 1234,
      }
    }
  />
</ul>
`;
