// Jest Snapshot v1, https://goo.gl/fbAQLP

exports[`pruebas en el componente <RealExampleRef/> mostrar correctamente el componente 1`] = `
<div>
  <h1>
    Real Example Ref
  </h1>
  <hr />
  <MultipleCustomHooks />
  <button
    className="btn btn-danger mt-5"
    onClick={[Function]}
  >
    mostrar/ocultar
  </button>
</div>
`;
